// Jest Snapshot v1, https://goo.gl/fbAQLP

exports[`knew exports modules correctly 1`] = `
Array [
  "Button",
]
`;
